Open Watcom Linker Version 1.3
Portions Copyright (c) 1985-2002 Sybase, Inc. All Rights Reserved.
Created on:       05/10/14 20:33:08
Executable Image: FSLib.dll
creating an OS/2 and eComStation dynamic link library
symbol _GA_isSharedDriverLoaded removed
symbol _GA_status removed
symbol _GA_errorMsg removed
symbol _GA_getDaysLeft removed
symbol _GA_registerLicense removed
symbol _GA_loadInGUI removed
symbol _GA_enumerateDevices removed
symbol _GA_getGlobalOptions removed
symbol _GA_setGlobalOptions removed
symbol _GA_saveGlobalOptions removed
symbol _GA_loadLibrary removed
symbol _GA_isOEMVersion removed
symbol _GA_getLicensedDevices removed
symbol _GA_setMinimumDriverVersion removed
symbol _GA_setLocalPath removed
symbol _PM_setFatalErrorCleanup removed
symbol __PM_checkConsoleSwitch_ removed
symbol _PM_mapSharedPages removed
symbol _PM_enumWriteCombine removed
symbol _PM_setSMPSafe removed
symbol _AGP_status removed
symbol _AGP_errorMsg removed
symbol _AGP_getGlobalOptions removed
symbol _AGP_setGlobalOptions removed
symbol _AGP_saveGlobalOptions removed
symbol _PE_getFileSize removed
symbol _PE_loadLibraryMGL removed
symbol _PE_freeLibrary removed
symbol _PE_getError removed
symbol MTRR_enumWriteCombine_ removed
symbol _PCI_getIRQRoutingOptions removed
symbol _PCIBIOS_readDWORD removed
symbol GetCounterFrequency_ removed
symbol rdinx_ removed
symbol __ZTimerInit_ removed
symbol __ULZReadTime_ removed
symbol __ULZElapsedTime_ removed
symbol _PM_setDebugLog removed
symbol _heapenable_ removed
symbol __set_commode_ removed
symbol __set_handles_ removed
symbol _grow_handles_ removed


                        +------------+
                        |   Groups   |
                        +------------+

Group                           Address              Size
=====                           =======              ====

DGROUP                          0003:00000000        00015860



                        +--------------+
                        |   Segments   |
                        +--------------+

Segment                Class          Group          Address         Size
=======                =====          =====          =======         ====

_TEXT16                CODE           AUTO           0001:00000000   00000068
BEGTEXT                CODE           AUTO           0002:00000000   00000007
_TEXT                  CODE           AUTO           0002:00000010   000142f0
_NULL                  BEGDATA        DGROUP         0003:00000000   00000004
_AFTERNULL             BEGDATA        DGROUP         0003:00000004   00000000
CONST                  DATA           DGROUP         0003:00000004   00000b70
CONST2                 DATA           DGROUP         0003:00000b74   00000205
_DATA                  DATA           DGROUP         0003:00000d7c   00000ee0
XIB                    DATA           DGROUP         0003:00001c5c   00000000
XI                     DATA           DGROUP         0003:00001c5c   00000030
XIE                    DATA           DGROUP         0003:00001c8c   00000000
YIB                    DATA           DGROUP         0003:00001c8c   00000000
YI                     DATA           DGROUP         0003:00001c8c   0000001e
YIE                    DATA           DGROUP         0003:00001caa   00000000
TIB                    DATA           DGROUP         0003:00001caa   00000000
TI                     DATA           DGROUP         0003:00001caa   00000000
TIE                    DATA           DGROUP         0003:00001caa   00000000
DATA                   DATA           DGROUP         0003:00001caa   00000000
_BSS                   BSS            DGROUP         0003:00001cb0   00001ba9
stack                  STACK          DGROUP         0003:00003860   00012000


                        +----------------+
                        |   Memory Map   |
                        +----------------+

* = unreferenced symbol
+ = symbol only referenced locally

Address        Symbol
=======        ======

Module: FSLib.obj(D:\Watcom\Projects\FSLib\FSLib.c)
0002:00000860+ SNAP_ExceptionHandler
0002:00000e00+ FSLib_Initialize
0002:00000e90+ FSLib_Uninitialize
0002:00001de0+ FSLib_GetVideoModeList
0002:00001ea0+ FSLib_FreeVideoModeList
0002:00001ec0+ FSLib_GetDesktopVideoMode
0002:00001ed0+ FSLib_CreateWindow
0002:00002050+ FSLib_AddUserParm
0002:00002080+ FSLib_GetUserParm
0002:000020b0+ FSLib_ToggleFSMode
0002:000020f0+ FSLib_QueryFSMode
0002:00002120+ FSLib_SetSrcBufferDesc
0002:00002160+ FSLib_IsFSLibWindow
0002:000021c0+ FSLib_BitBlt
0002:00002cc0+ FSLib_SetPixelFormat
0002:00002db0  LibMain
0003:00000d9c+ _SNAP_xcpthand
Module: d:\scitech\lib\release\os232\wc11\pm.lib(d:\scitech\src\common\_ga_imp.asm)
0002:00002de0* _GA_setActiveDevice
0002:00002de6  _GA_unloadDriver
0002:00002dec* _REF2D_loadDriver
0002:00002df2* _REF2D_unloadDriver
0002:00002df8  _GA_loadRef2d
0002:00002dfe  _GA_unloadRef2d
0002:00002e04* _GA_softStereoInit
0002:00002e0a* _GA_softStereoOn
0002:00002e10* _GA_softStereoScheduleFlip
0002:00002e16* _GA_softStereoGetFlipStatus
0002:00002e1c* _GA_softStereoWaitTillFlipped
0002:00002e22* _GA_softStereoOff
0002:00002e28* _GA_softStereoExit
0002:00002e2e* _GA_saveModeProfile
0002:00002e34* _GA_saveOptions
0002:00002e3a* _GA_saveCRTCTimingsV1
0002:00002e40* _GA_restoreCRTCTimingsV1
0002:00002e46* _DDC_init
0002:00002e4c* _DDC_readEDID
0002:00002e52* _EDID_parse
0002:00002e58* _MCS_begin
0002:00002e5e* _MCS_getCapabilitiesString
0002:00002e64* _MCS_isControlSupported
0002:00002e6a* _MCS_enableControl
0002:00002e70* _MCS_getControlMax
0002:00002e76* _MCS_getControlValue
0002:00002e7c* _MCS_getControlValues
0002:00002e82* _MCS_setControlValue
0002:00002e88* _MCS_setControlValues
0002:00002e8e* _MCS_resetControl
0002:00002e94* _MCS_saveCurrentSettings
0002:00002e9a* _MCS_getTimingReport
0002:00002ea0* _MCS_getSelfTestReport
0002:00002ea6* _MCS_end
0002:00002eac* _DDC_writeEDID
0002:00002eb2* _GA_useDoubleScan
0002:00002eb8* _GA_getMaxRefreshRateV1
0002:00002ebe* _GA_computeCRTCTimingsV1
0002:00002ec4* _GA_addMode
0002:00002eca* _GA_addRefresh
0002:00002ed0* _GA_delMode
0002:00002ed6* _N_getLogName
0002:00002edc* _N_log
0002:00002ee2* _MDBX_getErrCode
0002:00002ee8* _MDBX_getErrorMsg
0002:00002eee* _MDBX_open
0002:00002ef4* _MDBX_close
0002:00002efa* _MDBX_first
0002:00002f00* _MDBX_last
0002:00002f06* _MDBX_next
0002:00002f0c* _MDBX_prev
0002:00002f12* _MDBX_insert
0002:00002f18* _MDBX_update
0002:00002f1e* _MDBX_flush
0002:00002f24* _MDBX_importINF
0002:00002f2a* _GA_getInternalName
0002:00002f30* _GA_getSNAPConfigPath
0002:00002f36* _GA_getFakePCIID
0002:00002f3c* _GA_isLiteVersion
0002:00002f42* _GA_getDisplaySerialNo
0002:00002f48* _GA_getDisplayUserName
0002:00002f4e* _DDC_initExt
0002:00002f54* _MCS_beginExt
0002:00002f5a* _GA_loadRegionMgr
0002:00002f60* _GA_unloadRegionMgr
0002:00002f66* _GA_getProcAddress
0002:00002f6c* _GA_enableVBEMode
0002:00002f72* _GA_disableVBEMode
0002:00002f78* _GA_loadModeProfile
0002:00002f7e* _GA_getCRTCTimingsV1
0002:00002f84* _GA_setCRTCTimingsV1
0002:00002f8a* _GA_setDefaultRefreshV1
0002:00002f90* _GA_saveMonitorInfoV1
0002:00002f96* _GA_detectPnPMonitorV1
0002:00002f9c* _GA_getParsedEDID
0002:00002fa2* _GA_programMTRRegisters
0002:00002fa8  _GA_setExportTable
0002:00002fae* _GA_getRecommendedModesV1
0002:00002fb4* _GA_glLoadDriver
0002:00002fba* _GA_glQueryFunctions
0002:00002fc0* _GA_glUnloadDriver
0002:00002fc6* _GA_getCRTCTimings
0002:00002fcc* _GA_setCRTCTimings
0002:00002fd2* _GA_setDefaultRefresh
0002:00002fd8* _GA_saveCRTCTimings
0002:00002fde* _GA_restoreCRTCTimings
0002:00002fe4* _GA_saveMonitorInfo
0002:00002fea* _GA_detectPnPMonitor
0002:00002ff0* _GA_getRecommendedModes
0002:00002ff6* _GA_getMaxRefreshRate
0002:00002ffc* _GA_computeCRTCTimings
0002:00003002* _GA_freeLibrary
Module: d:\scitech\lib\release\os232\wc11\pm.lib(d:\scitech\src\common\galib.c)
0002:00003030  _GA_loadDriver
0002:00003010  _GA_getCurrentRef2d
0003:00002324  ___GA_exports
Module: d:\scitech\lib\release\os232\wc11\pm.lib(d:\scitech\src\common\gaos2.c)
0002:000033f0  _GA_getSystemPMImports
0002:000033e0  _GA_getSharedInfo
0002:00003370  _GA_getSharedExports
0002:00003350  _GA_queryFunctions
0002:00003330  _REF2D_queryFunctions
0002:00003300  _GA_TimerInit
0002:000032d0  _GA_TimerRead
Module: D:\WATCOM/lib386/os2\clib3r.lib(register)
0002:000034a0  __initthread_
0002:000034b0  _beginthread_
0002:000034c0  _endthread_
0002:000034d0* __RegisterThreadData_
Module: D:\WATCOM/lib386/os2\clib3r.lib(nmalloc)
0002:00003520  malloc_
0002:00003530  _nmalloc_
0003:00000ddc  ___nheapbeg
0003:00000de0  ___MiniHeapRover
0003:00000de4  ___LargestSizeB4MiniHeapRover
Module: D:\WATCOM/lib386/os2\clib3r.lib(nfree)
0002:00003640  free_
0002:00003650  _nfree_
0003:00002508  ___MiniHeapFreeRover
Module: D:\WATCOM/lib386/os2\clib3r.lib(thunk)
0002:00003774  __TNK
0002:00003760* __TNC
Module: D:\WATCOM/lib386/os2\clib3r.lib(far16fun)
0002:000037c4  __Far16Func2
0002:0000380d* __Far16Func
0002:0000385b* __Far16Pascal2
0002:000038a2* __Far16Pascal
0002:000038ee* __Far16Cdecl2
0002:0000393c* __Far16Cdecl
0002:0000398f  __FlatToFar16
0002:00003998* __Far16ToFlat
Module: D:\WATCOM/lib386/os2\clib3r.lib(_strcmp)
0002:000039b0  strcmp_
Module: d:\scitech\lib\release\os232\wc11\pm.lib(D:\scitech\src\pm\os2\pm.c)
0003:00000de8+ _PM_VIDEOPMI32Request
0003:00000dec+ _PM_EnableSNAPAccess
0003:00000df0+ _PM_DisableSNAPAccess
0002:00005dd0+ __IsDBCSSystem_
0002:00005d90+ __isShellLoaded_
0002:00005c20  _PM_init
0002:00005970  _PM_haveBIOSAccess
0002:00005960  _PM_getOSType
0002:00005950  _PM_getOSName
0002:00005940  _PM_getModeType
0002:00005910  _PM_backslash
0002:000058c0  _PM_fatalError
0002:00005860  _PM_getVESABuf
0002:00005810  _PM_kbhit
0002:000057c0  _PM_getch
0002:000057b0  _PM_openConsole
0002:00005750  _PM_getConsoleStateSize
0002:00005660  _PM_saveConsoleState
0002:000053b0  _PM_setSuspendAppCallback
0002:000052d0  _PM_restoreConsoleState
0002:000052c0  _PM_closeConsole
0002:00005260  _PM_setOSCursorLocation
0002:00005250  _PM_setOSScreenWidth
0002:00005240  _PM_setRealTimeClockHandler
0002:00005230  _PM_setRealTimeClockFrequency
0002:00005220  _PM_stopRealTimeClock
0002:00005210  _PM_restartRealTimeClock
0002:00005200  _PM_restoreRealTimeClockHandler
0002:000051f0  _PM_getCurrentPath
0002:000051c0  _PM_getBootDrive
0002:00005130  _PM_getSNAPPath
0002:000050b0  _PM_getSNAPConfigPath
0002:000050a0  _PM_getUniqueID
0002:00004fc0  _PM_getMachineName
0002:00004fb0  _PM_getBIOSPointer
0002:00004fa0  _PM_getA0000Pointer
0002:00004f50  _PM_mapPhysicalAddr
0002:00004f30  _PM_freePhysicalAddr
0002:00004f10  _PM_getPhysicalAddr
0002:00004ee0  _PM_getPhysicalAddrRange
0002:00004ed0  _PM_sleep
0002:00004eb0  _PM_getCOMPort
0002:00004e80  _PM_getLPTPort
0002:00004e60  _PM_mallocShared
0002:00004e40  _PM_freeShared
0002:00004e10  _PM_mapRealPointer
0002:00004de0  _PM_allocRealSeg
0002:00004dd0  _PM_freeRealSeg
0002:00004bb0+ _DPMI_int86
0002:00004ae0  _PM_int86
0002:00004a10  _PM_int86x
0002:00004a00  _PM_callRealMode
0002:000049b0  _PM_allocLockedMem
0002:00004990  _PM_freeLockedMem
0002:00004880  _PM_allocPage
0002:000047f0  _PM_freePage
0002:000047b0  _PM_lockDataPages
0002:00004780  _PM_unlockDataPages
0002:00004740  _PM_lockCodePages
0002:00004710  _PM_unlockCodePages
0002:000043d0  _PM_enableWriteCombine
0002:000043c0  _PM_flushTLB
0002:000043b0  __MTRR_isRing0
0002:000043a0  __MTRR_saveCR4
0002:00004380  __MTRR_restoreCR4
0002:00004350  _PM_readMSR
0002:00004320  _PM_writeMSR
0002:00004310  _PM_loadLibrary
0002:00004300  _PM_getProcAddress
0002:000042f0  _PM_freeLibrary
0002:000041f0  _PM_findFirstFile
0002:00004190  _PM_findNextFile
0002:00004180  _PM_findClose
0002:00004150  _PM_getdcwd
0002:000040e0  _PM_setFileAttr
0002:00004080  _PM_getFileAttr
0002:00004060  _PM_mkdir
0002:00004040  _PM_rmdir
0002:00003ee0  _PM_getFileTime
0002:00003c30  _PM_setFileTime
0002:00003bf0  _PM_setMaxThreadPriority
0002:00003bc0  _PM_restoreThreadPriority
0002:00003b90  _PM_isSDDActive
0002:00003b80  _PM_runningInAWindow
0002:00003b50  _PM_lockSNAPAccess
0003:00002b10+ _pfnDosQueryThreadAffinity
0003:00002b14+ _pfnNet32ConfigGet2
0003:00002b18+ _pfnDosSetProcessorStatus
0003:00002b1c+ _pfnDosSetThreadAffinity
0003:00002b20+ _pfnDosGetProcessorStatus
0002:00003b10  _PM_unlockSNAPAccess
Module: D:\WATCOM/lib386/os2\clib3r.lib(memset)
0002:00005f30  memset_
Module: D:\WATCOM/lib386/os2\clib3r.lib(dstrt386)
0002:00005f48  __DLLstart_
0002:00005f48* __DLLstartw_
Module: d:\scitech\lib\release\os232\wc11\pm.lib(d:\scitech\src\common\agplib.c)
0002:00006060  _AGP_loadDriver
0002:00006040  _AGP_unloadDriver
0003:00000e48  __PM_imports
0002:00005fb0  __OS_delay
Module: d:\scitech\lib\release\os232\wc11\pm.lib(d:\scitech\src\common\_gatimer.asm)
0002:00006290  __GA_haveCPUID
0002:000062bd  __GA_getCPUIDFeatures
0002:000062e1  __GA_readTimeStamp
0002:000062ed  _GA_TimerDifference
0002:00006313  __OS_delay8253
Module: d:\scitech\lib\release\os232\wc11\pm.lib(D:\scitech\src\pm\common.c)
0003:000010d8* ____drv_os_type
0002:00006aa0  _PM_setLocalBPDPath
0002:00006790  _PM_findBPD
0002:00006650  _PM_makepath
0002:00006450  _PM_splitpath
0002:000063b0  _PM_blockUntilTimeout
0002:000063a0  _PM_saveFPUState
0002:00006390  _PM_restoreFPUState
Module: d:\scitech\lib\release\os232\wc11\pm.lib(d:\scitech\src\common\peloader.c)
0002:00006ce0+ _PE_loadLibraryExt
0002:00006c80  _PE_loadLibrary
0002:00006bd0  _PE_getProcAddress
Module: D:\WATCOM/lib386/os2\clib3r.lib(thredo32)
0002:00007580  __CBeginThread_
0002:00007620  __CEndThread_
Module: D:\WATCOM/lib386/os2\clib3r.lib(maino32)
0003:000012e8  ___FirstThreadData
0003:000012ec  ___GetThreadPtr
0003:000012f0  __AccessFileH
0003:000012f4  __ReleaseFileH
0003:000012f8  __AccessIOB
0003:000012fc  __ReleaseIOB
0003:00001300  __AccessNHeap
0003:00001304  __AccessFHeap
0003:00001308  __ReleaseNHeap
0003:0000130c  __ReleaseFHeap
0002:00007646  __threadstack_
0002:0000764d  __threadid_
0002:00007656* __OS2MainInit_
0002:000076c5  __OS2Init_
0002:00007703  __OS2Fini_
0002:0000770e  __shutdown_stack_checking_
0002:00007723  __exit_
0003:00001310  __AccessTDList
0003:00001314  __ReleaseTDList
0003:00001318  ___sig_init_rtn
0003:0000131c  ___sig_fini_rtn
0003:00001320  __threadstksize
0003:00001324  ___process_fini
0003:00002da8  ___Is_DLL
0003:00002dac+ ___saved_CS
Module: D:\WATCOM/lib386/os2\clib3r.lib(nmemneed)
0002:00007770  __nmemneed_
Module: D:\WATCOM/lib386/os2\clib3r.lib(mem)
0002:00007780  __MemAllocator
0002:00007840  __MemFree
Module: D:\WATCOM/lib386/os2\clib3r.lib(grownear)
0002:00007ab0  __ExpandDGROUP_
Module: D:\WATCOM/lib386/os2\clib3r.lib(stk)
0002:00007b31  __STK
0002:00007b21  __CHK
0002:00007b60  __GRO
0002:00007b50* __STKOVERFLOW_
Module: D:\WATCOM/lib386/os2\clib3r.lib(itsto32)
0002:00007b80  __init_threadstksize_
Module: d:\scitech\lib\release\os232\wc11\pm.lib(os2\_pmos2.asm)
0002:00007b90  _PM_setIOPL
0002:00007bb1* __PM_setGDTSelLimit
0002:00007be1  __MTRR_getCx86
0002:00007bf4  __MTRR_setCx86
0002:00007c0a  __MTRR_disableInt
0002:00007c0b  __MTRR_restoreInt
0002:00007c0c* _DebugInt
0003:0000133c* __PM_ioentry
0003:00001340  __PM_gdt
Module: d:\scitech\lib\release\os232\wc11\pm.lib(D:\scitech\src\pm\common\mtrr.c)
0002:00007ec0  MTRR_init_
0002:00007c30  MTRR_enableWriteCombine_
Module: D:\WATCOM/lib386/os2\clib3r.lib(iob)
0003:00001354  ___iob
0003:0000155c  __fmode
0003:00002ebc  ___OpenStreams
0003:00002ec0  ___ClosedStreams
Module: D:\WATCOM/lib386/os2\clib3r.lib(fprintf)
0002:000089f0  fprintf_
Module: D:\WATCOM/lib386/os2\clib3r.lib(exit)
0002:00008a11  __null_int23_exit_
0002:00008a13  exit_
0002:00008a63* _exit_
0003:00001560  ___int23_exit
0003:00001564+ ___FPE_handler_exit
Module: D:\WATCOM/lib386/os2\clib3r.lib(gtcwdos2)
0002:00008a80  getcwd_
Module: D:\WATCOM/lib386/os2\clib3r.lib(getenv)
0002:00008b40  getenv_
Module: D:\WATCOM/lib386/os2\clib3r.lib(strncpy)
0002:00008bb0  strncpy_
Module: D:\WATCOM/lib386/os2\clib3r.lib(mktime)
0002:00008bf0  mktime_
Module: D:\WATCOM/lib386/os2\clib3r.lib(gmtime)
0002:00008e00  __brktime_
0002:00008f00+ _gmtime_
0002:00008f20  gmtime_
Module: D:\WATCOM/lib386/os2\clib3r.lib(localtim)
0002:00008f40+ _localtime_
0002:00008fa0  localtime_
Module: D:\WATCOM/lib386/os2\clib3r.lib(__stos)
0002:00008fc0  __STOSB
0002:00008ff7* __STOSD
Module: D:\WATCOM/lib386/os2\clib3r.lib(dmaino32)
0002:00009063  __LibMain
Module: D:\WATCOM/lib386/os2\clib3r.lib(segdefns)
0002:00000003  ___begtext
0003:00000000* __nullarea
0003:00001c5c  __Start_XI
0003:00001c8c  __End_XI
0003:00001c8c  __Start_YI
0003:00001caa  __End_YI
Module: d:\scitech\lib\release\os232\wc11\pm.lib(common\_pcihelp.asm)
0002:000092a0  __BIOS32_service
0002:000092c7  __PCIBIOS_isPresent
0002:000092ef  __PCIBIOS_service
0002:0000930f  __PCIBIOS_getRouting
0002:00009330  __PCIBIOS_setIRQ
0002:0000935e  __PCIBIOS_specialCycle
0002:0000937b  __PCI_getCS
0002:0000937f  _PM_inpb
0002:0000938a  _PM_inpw
0002:00009396  _PM_inpd
0002:0000939f  _PM_outpb
0002:000093ab  _PM_outpw
0002:000093b8  _PM_outpd
Module: d:\scitech\lib\release\os232\wc11\pm.lib(D:\scitech\src\pm\common\pcilib.c)
0002:0000a3f0  _PCI_getBIOSEntry
0002:0000a280+ _PCIBIOS_detect
0002:0000a230  _PCI_setHardwareIRQ
0002:0000a210  _PCI_generateSpecialCyle
0002:000098e0  _PCI_enumerate
0002:000098d0  _PCI_getNumDevices
0002:000096d0  _PCI_accessReg
0002:000095e0  _PCI_readRegBlock
0003:00001574  __PM_PCIEntry
0002:00009520  _PCI_writeRegBlock
Module: d:\scitech\lib\release\os232\wc11\pm.lib(D:\scitech\src\pm\gcpuinfo.c)
0002:0000ae80  _CPU_getProcessorType
0002:0000ae40  _CPU_haveMMX
0002:0000ae30  _CPU_have3DNow
0002:0000ae10  _CPU_haveSSE
0002:0000adf0+ _CPU_haveSSE2
0002:0000add0  _CPU_haveRDTSC
0002:0000adc0  _CPU_setDefaultProcessorSpeed
0002:0000a8e0  _CPU_getProcessorSpeed
0002:0000a880  _CPU_getProcessorSpeedInHZ
0002:0000a400  _CPU_getProcessorName
Module: d:\scitech\lib\release\os232\wc11\pm.lib(D:\scitech\src\pm\gztimer.c)
0002:0000b700+ _ZTimerInitExt
0002:0000b6f0  _ZTimerInit
0002:0000b6c0  _LZTimerOnExt
0002:0000b640  _LZTimerLapExt
0002:0000b610  _LZTimerOffExt
0002:0000b5a0  _LZTimerCountExt
0002:0000b590  _LZTimerOn
0002:0000b580  _LZTimerLap
0002:0000b570  _LZTimerOff
0002:0000b560  _LZTimerCount
0002:0000b530  _ULZTimerOn
0002:0000b500  _ULZTimerLap
0002:0000b4d0  _ULZTimerOff
0002:0000b4c0  _ULZTimerCount
0002:0000b4a0  _ULZReadTime
0002:0000b490  _ULZElapsedTime
0002:0000b480  _ULZTimerResolution
Module: d:\scitech\lib\release\os232\wc11\pm.lib(D:\scitech\src\pm\common\vgastate.c)
0002:0000bf00  _PM_getVGAStateSize
0002:0000b9c0  _PM_saveVGAState
0002:0000b800  _PM_restoreVGAState
Module: d:\scitech\lib\release\os232\wc11\pm.lib(common\_int64.asm)
0002:0000bf10  __PM_add64
0002:0000bf2a  __PM_sub64
0002:0000bf44  __PM_mul64
0002:0000bf8a  __PM_div64
0002:0000c05f  __PM_shr64
0002:0000c078  __PM_sar64
0002:0000c092  __PM_shl64
0002:0000c0ab  __PM_neg64
Module: d:\scitech\lib\release\os232\wc11\pm.lib(D:\scitech\src\pm\common\malloc.c)
0002:0000c150  _PM_useLocalMalloc
0002:0000c130  _PM_malloc
0002:0000c110  _PM_calloc
0002:0000c0f0  _PM_realloc
0003:00001660  ___PM_malloc
0003:00001664  ___PM_calloc
0003:00001668  ___PM_realloc
0003:0000166c  ___PM_free
0002:0000c0d0  _PM_free
Module: d:\scitech\lib\release\os232\wc11\pm.lib(D:\scitech\src\pm\common\agp.c)
0002:0000c290  _PM_agpInit
0002:0000c250  _PM_agpExit
0002:0000c200  _PM_agpReservePhysical
0002:0000c1e0  _PM_agpReleasePhysical
0002:0000c1b0  _PM_agpCommitPhysical
0002:0000c180  _PM_agpFreePhysical
Module: d:\scitech\lib\release\os232\wc11\pm.lib(D:\scitech\src\pm\debug.c)
0003:00001670* __CHK_fail
0002:0000c390+ __CHK_debugLog
0002:0000c320  __CHK_defaultFail
Module: D:\WATCOM/lib386/os2\clib3r.lib(fopen)
0002:0000c4a0+ __open_flags_
0002:0000c6e0+ _fsopen_
0002:0000c730  fopen_
0002:0000c7c0* freopen_
Module: D:\WATCOM/lib386/os2\clib3r.lib(fclose)
0002:0000c830  fclose_
0002:0000c880  __shutdown_stream_
0002:0000c8a0  __doclose_
0003:0000329c+ ___RmTmpFileFn
Module: D:\WATCOM/lib386/os2\clib3r.lib(fgets)
0002:0000c940  fgets_
Module: D:\WATCOM/lib386/os2\clib3r.lib(strnicmp)
0002:0000c9c0  strnicmp_
Module: D:\WATCOM/lib386/os2\clib3r.lib(fseek)
0002:0000ca70  fseek_
Module: D:\WATCOM/lib386/os2\clib3r.lib(fread)
0002:0000cba0  fread_
Module: d:\scitech\lib\release\os232\wc11\pm.lib(d:\scitech\src\common\libcimp.c)
0002:0000d630+ _stub_abort
0002:0000d620+ _stub_atexit
0002:0000d600+ _stub_calloc
0002:0000d5d0+ _stub_calloc_shared
0002:0000d5c0+ _stub_exit
0002:0000d5a0+ _stub_free
0002:0000d590+ _stub_free_shared
0002:0000d580+ _stub_getenv
0002:0000d560+ _stub_malloc
0002:0000d550+ _stub_malloc_shared
0002:0000d530+ _stub_realloc
0002:0000d4e0+ _stub_realloc_shared
0002:0000d4d0+ _stub_system
0002:0000d4c0+ _stub_putenv
0002:0000d4b0+ _stub_time
0002:0000d420+ __OS_setfileattr
0002:0000d2f0+ _stub_open
0002:0000d270+ _stub_access
0002:0000d250+ _stub_close
0002:0000d200+ _stub_lseek
0002:0000d0d0+ _stub_read
0002:0000cfb0+ _stub_write
0002:0000cf60+ _stub_unlink
0002:0000cf20+ _stub_isatty
0002:0000ced0+ _stub_remove
0002:0000ce50+ _stub_rename
0002:0000cdf0+ __OS_getcurrentdate
0002:0000cde0+ _stub_raise
0003:00001778  ____imports
0003:000017e0  ____imports_shared
0002:0000cdd0+ _stub_signal
Module: D:\WATCOM/lib386/os2\clib3r.lib(mthrdini)
0002:0000d640  __InitThreadData_
0003:00001848  ___ThreadDataSize
Module: D:\WATCOM/lib386/os2\clib3r.lib(mthread)
0002:0000d680+ __CloseSemaphore_
0002:0000d6c0+ __AccessSemaphore_
0002:0000d720+ __ReleaseSemaphore_
0002:0000d780+ __AccessIOB_
0002:0000d790+ __ReleaseIOB_
0002:0000d7a0+ __AccessFileH_
0002:0000d7b0+ __ReleaseFileH_
0002:0000d7c0+ __AccessNHeap_
0002:0000d7d0+ __ReleaseNHeap_
0002:0000d7e0+ __AccessFHeap_
0002:0000d7f0+ __ReleaseFHeap_
0002:0000d800+ __AccessTDList_
0002:0000d810+ __ReleaseTDList_
0002:0000d820+ __MultipleThread_
0002:0000d870  __AllocInitThreadData_
0002:0000d8c0  __FreeInitThreadData_
0002:0000d8d0  __OS2AddThread_
0002:0000d940  __OS2RemoveThread_
0002:0000d990  __InitMultipleThread_
0003:0000184c+ ___AccessSema4
0003:00001850+ ___ReleaseSema4
0003:00001854+ ___CloseSema4
Module: D:\WATCOM/lib386/os2\clib3r.lib(chk8087)
0002:0000db20* __init_8087_
0002:0000db30  _fpreset_
0002:0000db50  __chk8087_
Module: D:\WATCOM/lib386/os2\clib3r.lib(trdalloc)
0002:0000dbb0  __InitThreadProcessing_
0002:0000dbd0  __FiniThreadProcessing_
0003:000033f0  ___ThreadData
Module: D:\WATCOM/lib386/os2\clib3r.lib(crwdata)
0003:0000189c  __osmajor
0003:0000189d  __osminor
0003:00001860  __LpCmdLine
0003:00001864  __LpPgmName
0003:00001868  __LpDllName
0003:0000186c  __LpwCmdLine
0003:00001870  __LpwPgmName
0003:00001874  __LpwDllName
0003:00001858* __dynend
0003:0000185c  __curbrk
0003:00001878* __STACKLOW
0003:0000187c* __STACKTOP
0003:00001880  __ASTACKSIZ
0003:00001884  __ASTACKPTR
0003:00001888  __cbyte
0003:0000188c  __cbyte2
0003:00001890* __child
0003:00001896  __Envptr
0003:0000189a* __Envseg
0003:00001894  __no87
0003:0000189e* __FPE_handler
0003:0000189e* ___FPE_handler
Module: D:\WATCOM/lib386/os2\clib3r.lib(cinit)
0002:0000dc30  __CommonInit_
0003:000033f4  ___hmodule
Module: D:\WATCOM/lib386/os2\clib3r.lib(initrtns)
0002:0000dc50  __InitRtns
0002:0000dca0  __FiniRtns
Module: D:\WATCOM/lib386/os2\clib3r.lib(heapen)
0003:000018a4  ___heap_enabled
Module: D:\WATCOM/lib386/os2\clib3r.lib(nheapmin)
0002:0000dd00  _heapshrink_
0002:0000dd10* _heapmin_
0002:0000dd20* _nheapmin_
0002:0000ddd0  _nheapshrink_
Module: D:\WATCOM/lib386/os2\clib3r.lib(amblksiz)
0003:000018a8  __amblksiz
Module: D:\WATCOM/lib386/os2\clib3r.lib(xmsgo32)
0002:0000de10+ __exit_with_msg_
0002:0000de40  __fatal_runtime_error_
Module: D:\WATCOM/lib386/os2\clib3r.lib(initfile)
0002:0000de60  __InitFiles_
Module: D:\WATCOM/lib386/os2\clib3r.lib(ioexit)
0002:0000df00  __full_io_exit_
0002:0000df10* fcloseall_
Module: D:\WATCOM/lib386/os2\clib3r.lib(fprtf)
0002:0000dfa0  __fprtf_
Module: D:\WATCOM/lib386/os2\clib3r.lib(dosret)
0002:0000e070* _dosret0_
0002:0000e080+ _dosretax_
0002:0000e090  __set_errno_dos_
Module: D:\WATCOM/lib386/os2\clib3r.lib(seterrno)
0002:0000e0ba  __set_errno_
0002:0000e0c8* __set_EDOM_
0002:0000e0d6* __set_ERANGE_
0002:0000e0e4* __set_EINVAL_
0002:0000e0f7  __set_doserrno_
Module: D:\WATCOM/lib386/os2\clib3r.lib(environ)
0003:000033f8  ___env_mask
0003:000033fc  _environ
0003:00003400  __wenviron
Module: D:\WATCOM/lib386/os2\clib3r.lib(mbsnicmp)
0002:0000e110  _mbsnicmp_
Module: D:\WATCOM/lib386/os2\clib3r.lib(timeutil)
0002:0000e1a0  __leapyear_
0002:0000e320  __isindst_
0003:00000980  ___diyr
0003:0000099a  ___dilyr
Module: D:\WATCOM/lib386/os2\clib3r.lib(tzset)
0003:000019b0  ___start_dst
0003:000019d4  ___end_dst
0003:00001afc* _tzname
0003:00001b04  _timezone
0003:00001b08  _daylight
0003:00001b0c  ___dst_adjust
0002:0000e670* __DontCacheOSTZ_
0002:0000e690* __CacheOSTZ_
0002:0000e910+ __parse_tz_
0002:0000ea80  tzset_
Module: D:\WATCOM/lib386/os2\clib3r.lib(ddgrpo32)
0002:0000eae0  __disallow_single_dgroup_
Module: D:\WATCOM/lib386/os2\clib3r.lib(atouni)
0002:0000ed30  _atouni_
Module: D:\WATCOM/lib386/os2\clib3r.lib(maxthrds)
0003:00001b14  ___MaxThreads
Module: D:\WATCOM/lib386/os2\clib3r.lib(dosseg)
0000:00001234  __DOSseg__
Module: d:\scitech\lib\release\os232\wc11\pm.lib(common\_cpuinfo.asm)
0002:0000ed70  __CPU_check80386
0002:0000eda2  __CPU_check80486
0002:0000edcf  __CPU_checkClone
0002:0000edfb  __CPU_haveCPUID
0002:0000ee28  __CPU_checkCPUID
0002:0000ef2f  __CPU_getCPUIDModel
0002:0000ef59  __CPU_getCPUIDStepping
0002:0000ef7e  __CPU_getCPUIDFeatures
0002:0000efa2  __CPU_getCacheSize
0002:0000f035  __CPU_have3DNow
0002:0000f06f* __CPU_quickRDTSC
0002:0000f072  __CPU_runBSFLoop
0002:0000f08d  __CPU_readTimeStamp
0002:0000f099  __CPU_diffTime64
0002:0000f0c7  __CPU_calcMicroSec
0002:0000f0f2  __CPU_mulDiv
0002:0000f107* _PM_getIOPL
Module: D:\WATCOM/lib386/os2\clib3r.lib(i8m)
0002:0000f114* __I8M
0002:0000f114  __U8M
Module: D:\WATCOM/lib386/os2\clib3r.lib(i8s)
0002:0000f130  __U8RS
0002:0000f14a* __I8RS
0002:0000f165* __I8LS
0002:0000f165  __U8LS
Module: D:\WATCOM/lib386/os2\clib3r.lib(i8d)
0002:0000f180* __I8D
0002:0000f1d5  __U8D
Module: D:\WATCOM/lib386/os2\clib3r.lib(sprintf)
0002:0000f270  sprintf_
Module: D:\WATCOM/lib386/os2\clib3r.lib(calloc)
0002:0000f2a0  calloc_
Module: D:\WATCOM/lib386/os2\clib3r.lib(nrealloc)
0002:0000f2c0  realloc_
0002:0000f2d0+ _nrealloc_
Module: D:\WATCOM/lib386/os2\clib3r.lib(vsprintf)
0002:0000f370  vsprintf_
Module: D:\WATCOM/lib386/os2\clib3r.lib(fwrite)
0002:0000f390  fwrite_
Module: D:\WATCOM/lib386/os2\clib3r.lib(comtflag)
0003:00001b68  __commode
Module: D:\WATCOM/lib386/os2\clib3r.lib(tolower)
0002:0000f5d0  tolower_
Module: D:\WATCOM/lib386/os2\clib3r.lib(openos2)
0002:0000f5f0* open_
0002:0000f610  sopen_
Module: D:\WATCOM/lib386/os2\clib3r.lib(chktty)
0002:0000f7c0  __chktty_
Module: D:\WATCOM/lib386/os2\clib3r.lib(freefp)
0002:0000f800  __freefp_
0002:0000f850  __purgefp_
Module: D:\WATCOM/lib386/os2\clib3r.lib(allocfp)
0002:0000f880  __allocfp_
Module: D:\WATCOM/lib386/os2\clib3r.lib(lseekos2)
0002:0000f950  __lseek_
Module: D:\WATCOM/lib386/os2\clib3r.lib(_clseos2)
0002:0000f990  __close_
Module: D:\WATCOM/lib386/os2\clib3r.lib(flush)
0002:0000f9d0  __flush_
Module: D:\WATCOM/lib386/os2\clib3r.lib(fgetc)
0002:0000fae0  fgetc_
0002:0000fbb0+ __filbuf_
0002:0000fbe0  __fill_buffer_
Module: D:\WATCOM/lib386/os2\clib3r.lib(lseek)
0002:0000fcc0  lseek_
Module: D:\WATCOM/lib386/os2\clib3r.lib(tellos2)
0002:0000fcf0  tell_
Module: D:\WATCOM/lib386/os2\clib3r.lib(qread)
0002:0000fd30  __qread_
Module: D:\WATCOM/lib386/os2\clib3r.lib(ioalloc)
0002:0000fd60  __ioalloc_
Module: D:\WATCOM/lib386/os2\clib3r.lib(abort)
0002:0000fdf5  abort_
0002:0000fe00  __terminate_
0003:00001b6c  ___abort
Module: D:\WATCOM/lib386/os2\clib3r.lib(atexit)
0002:0000fe12  atexit_
Module: D:\WATCOM/lib386/os2\clib3r.lib(system)
0002:0000fe80  system_
Module: D:\WATCOM/lib386/os2\clib3r.lib(putenv)
0002:0000ff00  putenv_
0002:0000ff80  __putenv_
Module: D:\WATCOM/lib386/os2\clib3r.lib(time)
0002:00010200  time_
Module: D:\WATCOM/lib386/os2\clib3r.lib(signlo32)
0002:00010240+ __sigfpe_handler_
0002:000104c0+ __SigInit_
0002:00010510+ __SigFini_
0002:00010550+ __sigabort_
0002:00010580  signal_
0002:000106b0  raise_
0003:00001b70+ _SignalTable
0003:00003744+ ___ExceptionHandled
Module: D:\WATCOM/lib386/os2\clib3r.lib(trdlist)
0002:00010750  __GetThreadData_
0002:00010870  __ReallocThreadData_
0002:000109f0  __AddThreadData_
0002:00010a70  __RemoveThreadData_
0002:00010ad0* __ResizeThreadDataList_
0002:00010b20  __FreeThreadDataList_
0002:00010b50* __ActiveThreads_
Module: D:\WATCOM/lib386/os2\clib3r.lib(8087cw)
0003:00001bd8  __8087cw
Module: D:\WATCOM/lib386/os2\clib3r.lib(init8087)
0002:00010b68  __init_80x87
Module: D:\WATCOM/lib386/os2\clib3r.lib(_8087)
0003:00001bdc  __8087
0003:00001bdd  __real87
Module: D:\WATCOM/lib386/os2\clib3r.lib(thrdmax)
0002:00010b90  __GETMAXTHREADS
Module: D:\WATCOM/lib386/os2\clib3r.lib(enterdb)
0002:00010ba0  __EnterWVIDEO_
0003:00001be0+ ___WD_Present
Module: D:\WATCOM/lib386/os2\clib3r.lib(fputc)
0002:00010bd0  fputc_
Module: D:\WATCOM/lib386/os2\clib3r.lib(prtf)
0002:00010cc0  __prtf_
Module: D:\WATCOM/lib386/os2\clib3r.lib(setenvp)
0002:00011b60  __setenvp_
0002:00011c50  __freeenvp_
Module: D:\WATCOM/lib386/os2\clib3r.lib(mbterm)
0002:00011cb0  _mbterm_
Module: D:\WATCOM/lib386/os2\clib3r.lib(mbcicmp)
0002:00011cf0  _mbcicmp_
Module: D:\WATCOM/lib386/os2\clib3r.lib(mbsinc)
0002:00011d50  _mbsinc_
Module: D:\WATCOM/lib386/os2\clib3r.lib(nmsize)
0002:00011d80* _msize_
0002:00011d90  _nmsize_
Module: D:\WATCOM/lib386/os2\clib3r.lib(nexpand)
0002:00011da0* _expand_
0002:00011db0+ __HeapManager_expand_
0002:00011f70  _nexpand_
Module: D:\WATCOM/lib386/os2\clib3r.lib(qwrit)
0002:00011fc0  __qwrite_
Module: D:\WATCOM/lib386/os2\clib3r.lib(umaskval)
0003:00001be4  ___umaskval
Module: D:\WATCOM/lib386/os2\clib3r.lib(iomode)
0002:00012060  __GetIOMode_
0002:00012080  __SetIOMode_nogrow_
0003:00001be8  ___NFiles
0003:00001bec  ___init_mode
0003:00001c3c  ___io_mode
Module: D:\WATCOM/lib386/os2\clib3r.lib(stiomode)
0002:000120a0  __grow_iomode_
0002:00012170+ __shrink_iomode_
0002:000121c0+ __preinit_iomode_os2_
0002:00012200  __SetIOMode_
Module: D:\WATCOM/lib386/os2\clib3r.lib(isattos2)
0002:00012270  isatty_
Module: D:\WATCOM/lib386/os2\clib3r.lib(fsync)
0002:000122a0  fsync_
Module: D:\WATCOM/lib386/os2\clib3r.lib(flushall)
0002:000122d0* flushall_
0002:000122e0  __flushall_
Module: D:\WATCOM/lib386/os2\clib3r.lib(gtcheos2)
0002:00012320  getche_
Module: D:\WATCOM/lib386/os2\clib3r.lib(_slashc)
0002:00012350  __Slash_C_
Module: D:\WATCOM/lib386/os2\clib3r.lib(splp)
0002:00012360  spawnlp_
Module: D:\WATCOM/lib386/os2\clib3r.lib(mbslen)
0002:00012380  _mbslen_
Module: D:\WATCOM/lib386/os2\clib3r.lib(mbstowcs)
0002:000123b0  mbstowcs_
Module: D:\WATCOM/lib386/os2\clib3r.lib(uputenv)
0002:00012430* _wputenv_
0002:000124d0  __wputenv_
Module: D:\WATCOM/lib386/os2\clib3r.lib(memmove)
0002:00012680  memmove_
Module: D:\WATCOM/lib386/os2\clib3r.lib(toupper)
0002:000126e0  toupper_
Module: D:\WATCOM/lib386/os2\clib3r.lib(gtctmos2)
0002:000126f0  __getctime_
Module: D:\WATCOM/lib386/os2\clib3r.lib(cntrl87)
0002:00012760  _control87_
Module: D:\WATCOM/lib386/os2\clib3r.lib(wctomb)
0002:000127c0  wctomb_
Module: D:\WATCOM/lib386/os2\clib3r.lib(itoa)
0002:000127f0+ utoa_
0002:00012840  itoa_
Module: D:\WATCOM/lib386/os2\clib3r.lib(noefgfmt)
0003:00001c40  ___EFG_printf
0003:00001c44* ___EFG_scanf
Module: D:\WATCOM/lib386/os2\clib3r.lib(strupr)
0002:00012890  strupr_
Module: D:\WATCOM/lib386/os2\clib3r.lib(lltoa)
0002:000128b0  ulltoa_
0002:00012920* lltoa_
Module: D:\WATCOM/lib386/os2\clib3r.lib(ltoa)
0002:00012950  ultoa_
0002:000129a0* ltoa_
Module: D:\WATCOM/lib386/os2\clib3r.lib(mbisdbcs)
0003:00003754  ___IsDBCS
Module: D:\WATCOM/lib386/os2\clib3r.lib(mbislead)
0002:000129d0* _ismbblead_
0003:00003758  ___MBCSIsTable
Module: D:\WATCOM/lib386/os2\clib3r.lib(clearenv)
0002:000129f0  clearenv_
Module: D:\WATCOM/lib386/os2\clib3r.lib(mbccpy)
0002:00012a90  _mbccpy_
Module: D:\WATCOM/lib386/os2\clib3r.lib(mbclen)
0002:00012ad0  _mbclen_
Module: D:\WATCOM/lib386/os2\clib3r.lib(mbsupr)
0002:00012b00  _mbsupr_
Module: D:\WATCOM/lib386/os2\clib3r.lib(mbccmp)
0002:00012b50  _mbccmp_
Module: D:\WATCOM/lib386/os2\clib3r.lib(hdlman)
0003:00001c48  ___NHandles
Module: D:\WATCOM/lib386/os2\clib3r.lib(iomodtty)
0002:00012bb0  __ChkTTYIOMode_
0002:00012c00* __IOMode_
Module: D:\WATCOM/lib386/os2\clib3r.lib(getchos2)
0002:00012c20  getch_
Module: D:\WATCOM/lib386/os2\clib3r.lib(putchos2)
0002:00012ce0  putch_
Module: D:\WATCOM/lib386/os2\clib3r.lib(spvp)
0002:00012d40  spawnvp_
Module: D:\WATCOM/lib386/os2\clib3r.lib(mbtowc)
0002:00012d50  mbtowc_
Module: D:\WATCOM/lib386/os2\clib3r.lib(crtwenv)
0002:00012e10  __create_wide_environment_
Module: D:\WATCOM/lib386/os2\clib3r.lib(ustrlen)
0002:00012e78  wcslen_
Module: D:\WATCOM/lib386/os2\clib3r.lib(wcstombs)
0002:00012e90  wcstombs_
Module: D:\WATCOM/lib386/os2\clib3r.lib(memcpy)
0002:00012f50  memcpy_
Module: D:\WATCOM/lib386/os2\clib3r.lib(utoupper)
0002:00012f75  towupper_
Module: D:\WATCOM/lib386/os2\clib3r.lib(alphabet)
0003:00000b0c  ___Alphabet
Module: D:\WATCOM/lib386/os2\clib3r.lib(mbinit)
0002:00012f90  __mbinit_
0003:00001c4c  ___MBCodePage
Module: D:\WATCOM/lib386/os2\clib3r.lib(mbsnextc)
0002:00013120  _mbsnextc_
Module: D:\WATCOM/lib386/os2\clib3r.lib(mbcupper)
0002:00013160  _mbctoupper_
Module: D:\WATCOM/lib386/os2\clib3r.lib(mbconv)
0002:000131d0  _mbvtop_
Module: D:\WATCOM/lib386/os2\clib3r.lib(spvpe)
0002:000131ea  spawnvpe_
Module: D:\WATCOM/lib386/os2\clib3r.lib(mbdtoupp)
0002:00013340  _mbdtoupper_
Module: D:\WATCOM/lib386/os2\clib3r.lib(spve)
0002:00013365  spawnve_
Module: D:\WATCOM/lib386/os2\clib3r.lib(strlen)
0002:000136b0  strlen_
Module: D:\WATCOM/lib386/os2\clib3r.lib(strchr)
0002:000136d0  strchr_
Module: D:\WATCOM/lib386/os2\clib3r.lib(ismbdlow)
0002:000136f0  _ismbdlower_
Module: D:\WATCOM/lib386/os2\clib3r.lib(accssos2)
0002:00013730  access_
Module: D:\WATCOM/lib386/os2\clib3r.lib(exveos2)
0002:00013782  execve_
0003:00001c50* ___p_overlay
Module: D:\WATCOM/lib386/os2\clib3r.lib(cenvarg)
0002:000137cc  __cenvarg_
0002:000138e0  __ccmdline_
Module: D:\WATCOM/lib386/os2\clib3r.lib(stack386)
0002:00013920  stackavail_
Module: D:\WATCOM/lib386/os2\clib3r.lib(split2)
0002:00013990  _splitpath2_
Module: D:\WATCOM/lib386/os2\clib3r.lib(save8087)
0003:00001c54  ___Save8087
0003:00001c58  ___Rest8087
Module: D:\WATCOM/lib386/os2\clib3r.lib(makepath)
0002:00013b20  _makepath_
Module: D:\WATCOM/lib386/os2\clib3r.lib(stricmp)
0002:00013ce0  stricmp_
Module: D:\WATCOM/lib386/os2\clib3r.lib(dospnos2)
0002:00013dd0  __dospawn
Module: D:\WATCOM/lib386/os2\clib3r.lib(strcpy)
0002:000140b0  strcpy_
Module: D:\WATCOM/lib386/os2\clib3r.lib(spl)
0002:000140d0  spawnl_
Module: D:\WATCOM/lib386/os2\clib3r.lib(mbislegl)
0002:000140f0  _ismbclegal_
Module: D:\WATCOM/lib386/os2\clib3r.lib(istable)
0003:00000b74  __IsTable
Module: D:\WATCOM/lib386/os2\clib3r.lib(mbsnccnt)
0002:00014130  _mbsnccnt_
Module: D:\WATCOM/lib386/os2\clib3r.lib(mbsncpy)
0002:00014160  _mbsncpy_
Module: D:\WATCOM/lib386/os2\clib3r.lib(mbsnbcnt)
0002:00014180  _mbsnbcnt_
Module: D:\WATCOM/lib386/os2\clib3r.lib(mbsdec)
0002:000141e0  _mbsdec_
Module: D:\WATCOM/lib386/os2\clib3r.lib(mbistrai)
0002:00014260  _ismbbtrail_
Module: D:\WATCOM/lib386/os2\clib3r.lib(mbsnbcpy)
0002:000142a0  _mbsnbcpy_
Module: D:\WATCOM/lib386/os2\clib3r.lib(isktable)
0003:00000c78  __IsKTable


                        +----------------------+
                        |   Imported Symbols   |
                        +----------------------+

Symbol                              Module
======                              ======

DosRequestMutexSem                  DOSCALLS
DosResetEventSem                    DOSCALLS
DosPostEventSem                     DOSCALLS
DosWaitEventSem                     DOSCALLS
DosReleaseMutexSem                  DOSCALLS
DosSleep                            DOSCALLS
WinInitialize                       PMWIN
WinQueryDesktopWindow               PMWIN
WinQueryWindowDC                    PMWIN
WinOpenWindowDC                     PMWIN
WinLockWindowUpdate                 PMWIN
Gre32Entry3                         PMGRE
Gre32Entry5                         PMGRE
WinInvalidateRegion                 PMWIN
DosCloseEventSem                    DOSCALLS
DosCloseMutexSem                    DOSCALLS
WinDestroyMsgQueue                  PMWIN
WinTerminate                        PMWIN
DosSetPriority                      DOSCALLS
WinCreateMsgQueue                   PMWIN
DosCreateMutexSem                   DOSCALLS
DosCreateEventSem                   DOSCALLS
DosSetExceptionHandler              DOSCALLS
DosUnsetExceptionHandler            DOSCALLS
WinDestroyWindow                    PMWIN
WinSetWindowULong                   PMWIN
WinQueryWindowULong                 PMWIN
WinSetActiveWindow                  PMWIN
WinSendMsg                          PMWIN
WinDefWindowProc                    PMWIN
WinQueryWindow                      PMWIN
WinShowWindow                       PMWIN
WinSetVisibleRegionNotify           PMWIN
WinPostMsg                          PMWIN
WinSetCapture                       PMWIN
WinCalcFrameRect                    PMWIN
WinQueryWindowPos                   PMWIN
WinSetWindowPos                     PMWIN
WinGetPS                            PMWIN
GpiCreateRegion                     PMGPI
WinQueryVisibleRegion               PMWIN
GpiQueryRegionRects                 PMGPI
GpiDestroyRegion                    PMGPI
WinReleasePS                        PMWIN
WinInvalidateRect                   PMWIN
WinRegisterClass                    PMWIN
DOS16GETINFOSEG                     DOSCALLS
WinCreateStdWindow                  PMWIN
WinQueryAnchorBlock                 PMWIN
WinIsWindow                         PMWIN
WinQueryClassName                   PMWIN
WinMapWindowPoints                  PMWIN
WinIntersectRect                    PMWIN
DosOpen                             DOSCALLS
DosDevIOCtl                         DOSCALLS
DosClose                            DOSCALLS
DosLoadModule                       DOSCALLS
DosTmrQueryTime                     DOSCALLS
DosFlatToSel                        DOSCALLS
DosSelToFlat                        DOSCALLS
DosSetRelMaxFH                      DOSCALLS
DosQueryDBCSEnv                     NLS
DosGetNamedSharedMem                DOSCALLS
DosFreeMem                          DOSCALLS
DosOpenEventSem                     DOSCALLS
DosExecPgm                          DOSCALLS
DosScanEnv                          DOSCALLS
DosQueryModuleHandle                DOSCALLS
DosQueryProcAddr                    DOSCALLS
DosFreeModule                       DOSCALLS
KBD16PEEK                           KBDCALLS
KBD16CHARIN                         KBDCALLS
VIO16GETMODE                        VIOCALLS
VIO16GETCURPOS                      VIOCALLS
VIO16READCELLSTR                    VIOCALLS
VIO16MODEWAIT                       VIOCALLS
VIO16MODEUNDO                       VIOCALLS
VIO16SAVREDRAWWAIT                  VIOCALLS
VIO16SAVREDRAWUNDO                  VIOCALLS
VIO16SETMODE                        VIOCALLS
VIO16SETCURPOS                      VIOCALLS
VIO16WRTCELLSTR                     VIOCALLS
DosQuerySysInfo                     DOSCALLS
DosSysCtl                           DOSCALLS
DosAllocSharedMem                   DOSCALLS
DosGetSharedMem                     DOSCALLS
DosFindFirst                        DOSCALLS
DosFindNext                         DOSCALLS
DosFindClose                        DOSCALLS
DosQueryCurrentDir                  DOSCALLS
DosQueryPathInfo                    DOSCALLS
DosSetPathInfo                      DOSCALLS
DosCreateDir                        DOSCALLS
DosDeleteDir                        DOSCALLS
DosGetInfoBlocks                    DOSCALLS
DosCreateThread                     DOSCALLS
DosExit                             DOSCALLS
DosAllocMem                         DOSCALLS
DosQueryCurrentDisk                 DOSCALLS
DosQueryModuleName                  DOSCALLS
DosTmrQueryFreq                     DOSCALLS
DosSetFilePtr                       DOSCALLS
DosRead                             DOSCALLS
DosWrite                            DOSCALLS
DosDelete                           DOSCALLS
DosQueryHType                       DOSCALLS
DosMove                             DOSCALLS
DosDevConfig                        DOSCALLS
DosAcknowledgeSignalException       DOSCALLS
DosSetSignalExceptionFocus          DOSCALLS
DosResetBuffer                      DOSCALLS
DosGetDateTime                      DOSCALLS
VIO16WRTTTY                         VIOCALLS
DosQueryCp                          DOSCALLS
DosQueryAppType                     DOSCALLS
DosStartSession                     SESMGR
DosCreateQueue                      QUECALLS
DosReadQueue                        QUECALLS
DosCloseQueue                       QUECALLS


                        +--------------------+
                        |   Libraries Used   |
                        +--------------------+

d:\scitech\lib\release\os232\wc11\pm.lib
D:\WATCOM/lib386/os2\clib3r.lib
d:\os2tk45\lib\os2386.lib


                        +-----------------------+
                        |   Linker Statistics   |
                        +-----------------------+

Stack size:  00012000 (73728.)
Memory size:  00029bc8 (170952.)
Link time: 00:00.10
